Using pre-set license
Built from '2021.3/staging' branch; Version is '2021.3.9f1 (ad3870b89536) revision 11352176'; Using compiler version '192829333'; Build Type 'Release'
OS: 'Windows 10  (10.0.19045) 64bit Core' Language: 'fi' Physical Memory: 32680 MB
BatchMode: 1, IsHumanControllingUs: 0, StartBugReporterOnCrash: 0, Is64bit: 1, IsPro: 1

COMMAND LINE ARGUMENTS:
E:\Unity\Installs\Unity\Hub\Editor\2021.3.9f1\Editor\Unity.exe
-adb2
-batchMode
-noUpm
-name
AssetImportWorker0
-projectPath
E:/Unity/Unity projects/Unity Basics Final Exercise/GameBadgeSubmissionGame
-logFile
Logs/AssetImportWorker0.log
-srvPort
62586
Successfully changed project path to: E:/Unity/Unity projects/Unity Basics Final Exercise/GameBadgeSubmissionGame
E:/Unity/Unity projects/Unity Basics Final Exercise/GameBadgeSubmissionGame
[UnityMemory] Configuration Parameters - Can be set up in boot.config
    "memorysetup-bucket-allocator-granularity=16"
    "memorysetup-bucket-allocator-bucket-count=8"
    "memorysetup-bucket-allocator-block-size=33554432"
    "memorysetup-bucket-allocator-block-count=8"
    "memorysetup-main-allocator-block-size=16777216"
    "memorysetup-thread-allocator-block-size=16777216"
    "memorysetup-gfx-main-allocator-block-size=16777216"
    "memorysetup-gfx-thread-allocator-block-size=16777216"
    "memorysetup-cache-allocator-block-size=4194304"
    "memorysetup-typetree-allocator-block-size=2097152"
    "memorysetup-profiler-bucket-allocator-granularity=16"
    "memorysetup-profiler-bucket-allocator-bucket-count=8"
    "memorysetup-profiler-bucket-allocator-block-size=33554432"
    "memorysetup-profiler-bucket-allocator-block-count=8"
    "memorysetup-profiler-allocator-block-size=16777216"
    "memorysetup-profiler-editor-allocator-block-size=1048576"
    "memorysetup-temp-allocator-size-main=16777216"
    "memorysetup-job-temp-allocator-block-size=2097152"
    "memorysetup-job-temp-allocator-block-size-background=1048576"
    "memorysetup-job-temp-allocator-reduction-small-platforms=262144"
    "memorysetup-temp-allocator-size-background-worker=32768"
    "memorysetup-temp-allocator-size-job-worker=262144"
    "memorysetup-temp-allocator-size-preload-manager=33554432"
    "memorysetup-temp-allocator-size-nav-mesh-worker=65536"
    "memorysetup-temp-allocator-size-audio-worker=65536"
    "memorysetup-temp-allocator-size-cloud-worker=32768"
    "memorysetup-temp-allocator-size-gi-baking-worker=262144"
    "memorysetup-temp-allocator-size-gfx=262144"
Refreshing native plugins compatible for Editor in 74.61 ms, found 3 plugins.
Preloading 0 native plugins for Editor in 0.00 ms.
Initialize engine version: 2021.3.9f1 (ad3870b89536)
[Subsystems] Discovering subsystems at path E:/Unity/Installs/Unity/Hub/Editor/2021.3.9f1/Editor/Data/Resources/UnitySubsystems
[Subsystems] Discovering subsystems at path E:/Unity/Unity projects/Unity Basics Final Exercise/GameBadgeSubmissionGame/Assets
GfxDevice: creating device client; threaded=0; jobified=0
Direct3D:
    Version:  Direct3D 11.0 [level 11.1]
    Renderer: NVIDIA GeForce RTX 4070 Ti (ID=0x2782)
    Vendor:   NVIDIA
    VRAM:     11994 MB
    Driver:   32.0.16.1088
Initialize mono
Mono path[0] = 'E:/Unity/Installs/Unity/Hub/Editor/2021.3.9f1/Editor/Data/Managed'
Mono path[1] = 'E:/Unity/Installs/Unity/Hub/Editor/2021.3.9f1/Editor/Data/MonoBleedingEdge/lib/mono/unityjit-win32'
Mono config path = 'E:/Unity/Installs/Unity/Hub/Editor/2021.3.9f1/Editor/Data/MonoBleedingEdge/etc'
Using monoOptions --debugger-agent=transport=dt_socket,embedding=1,server=y,suspend=n,address=127.0.0.1:56352
Begin MonoManager ReloadAssembly
Registering precompiled unity dll's ...
Register platform support module: E:/Unity/Installs/Unity/Hub/Editor/2021.3.9f1/Editor/Data/PlaybackEngines/WindowsStandaloneSupport/UnityEditor.WindowsStandalone.Extensions.dll
Registered in 0.002968 seconds.
Native extension for WindowsStandalone target not found
Refreshing native plugins compatible for Editor in 101.10 ms, found 3 plugins.
Preloading 0 native plugins for Editor in 0.00 ms.
Mono: successfully reloaded assembly
- Completed reload, in  0.495 seconds
Domain Reload Profiling:
	ReloadAssembly (495ms)
		BeginReloadAssembly (55ms)
			ExecutionOrderSort (0ms)
			DisableScriptedObjects (0ms)
			BackupInstance (0ms)
			ReleaseScriptingObjects (0ms)
			CreateAndSetChildDomain (0ms)
		EndReloadAssembly (368ms)
			LoadAssemblies (54ms)
			RebuildTransferFunctionScriptingTraits (0ms)
			SetupTypeCache (64ms)
			ReleaseScriptCaches (0ms)
			RebuildScriptCaches (18ms)
			SetupLoadedEditorAssemblies (251ms)
				LogAssemblyErrors (0ms)
				InitializePlatformSupportModulesInManaged (6ms)
				SetLoadedEditorAssemblies (0ms)
				RefreshPlugins (101ms)
				BeforeProcessingInitializeOnLoad (1ms)
				ProcessInitializeOnLoadAttributes (107ms)
				ProcessInitializeOnLoadMethodAttributes (35ms)
				AfterProcessingInitializeOnLoad (0ms)
				EditorAssembliesLoaded (0ms)
			ExecutionOrderSort2 (0ms)
			AwakeInstancesAfterBackupRestoration (0ms)
Platform modules already initialized, skipping
Registering precompiled user dll's ...
Registered in 0.003474 seconds.
Begin MonoManager ReloadAssembly
Native extension for WindowsStandalone target not found
Refreshing native plugins compatible for Editor in 81.89 ms, found 3 plugins.
Preloading 0 native plugins for Editor in 0.00 ms.
Mono: successfully reloaded assembly
- Completed reload, in  0.872 seconds
Domain Reload Profiling:
	ReloadAssembly (873ms)
		BeginReloadAssembly (81ms)
			ExecutionOrderSort (0ms)
			DisableScriptedObjects (5ms)
			BackupInstance (0ms)
			ReleaseScriptingObjects (0ms)
			CreateAndSetChildDomain (14ms)
		EndReloadAssembly (713ms)
			LoadAssemblies (61ms)
			RebuildTransferFunctionScriptingTraits (0ms)
			SetupTypeCache (160ms)
			ReleaseScriptCaches (0ms)
			RebuildScriptCaches (39ms)
			SetupLoadedEditorAssemblies (424ms)
				LogAssemblyErrors (0ms)
				InitializePlatformSupportModulesInManaged (3ms)
				SetLoadedEditorAssemblies (0ms)
				RefreshPlugins (82ms)
				BeforeProcessingInitializeOnLoad (64ms)
				ProcessInitializeOnLoadAttributes (240ms)
				ProcessInitializeOnLoadMethodAttributes (32ms)
				AfterProcessingInitializeOnLoad (3ms)
				EditorAssembliesLoaded (0ms)
			ExecutionOrderSort2 (0ms)
			AwakeInstancesAfterBackupRestoration (5ms)
Platform modules already initialized, skipping
========================================================================
Worker process is ready to serve import requests
Launched and connected shader compiler UnityShaderCompiler.exe after 0.04 seconds
Refreshing native plugins compatible for Editor in 0.69 ms, found 3 plugins.
Preloading 0 native plugins for Editor in 0.00 ms.
Unloading 3936 Unused Serialized files (Serialized files now loaded: 0)
Unloading 44 unused Assets / (506.1 KB). Loaded Objects now: 4436.
Memory consumption went from 173.7 MB to 173.2 MB.
Total: 2.801000 ms (FindLiveObjects: 0.206000 ms CreateObjectMapping: 0.095100 ms MarkObjects: 2.275600 ms  DeleteObjects: 0.223800 ms)

AssetImportParameters requested are different than current active one (requested -> active):
  custom:video-decoder-ogg-theora: a1e56fd34408186e4bbccfd4996cb3dc -> 
  custom:container-muxer-webm: aa71ff27fc2769a1b78a27578f13a17b -> 
  custom:container-demuxer-webm: 4f35f7cbe854078d1ac9338744f61a02 -> 
  custom:video-encoder-webm-vp8: eb34c28f22e8b96e1ab97ce403110664 -> 
  custom:audio-encoder-webm-vorbis: bf7c407c2cedff20999df2af8eb42d56 -> 
  custom:framework-win-MediaFoundation: 216162199b28c13a410421893ffa2e32 -> 
  custom:container-demuxer-ogg: 62fdf1f143b41e24485cea50d1cbac27 -> 
  custom:video-decoder-webm-vp8: 9c59270c3fd7afecdb556c50c9e8de78 -> 
  custom:audio-decoder-ogg-vorbis: bf7c407c2cedff20999df2af8eb42d56 -> 
========================================================================
Received Import Request.
  Time since last request: 690846.060842 seconds.
  path: Assets/_TerrainAutoUpgrade
  artifactKey: Guid(8f0e84516d5fc4d4f97251f9731df872) Importer(815301076,1909f56bfc062723c751e8b465ee728b)
Start importing Assets/_TerrainAutoUpgrade using Guid(8f0e84516d5fc4d4f97251f9731df872) Importer(815301076,1909f56bfc062723c751e8b465ee728b)  -> (artifact id: '9a82a644ce80b6faa7126ab1bf7e7b48') in 0.013184 seconds 
========================================================================
Received Import Request.
  Time since last request: 0.000015 seconds.
  path: Assets/_TerrainAutoUpgrade/layer_Grass01_BigUVd261c09ae55ba1e3.terrainlayer
  artifactKey: Guid(a936376c6521f4644ac75f3f74528cd1) Importer(815301076,1909f56bfc062723c751e8b465ee728b)
Start importing Assets/_TerrainAutoUpgrade/layer_Grass01_BigUVd261c09ae55ba1e3.terrainlayer using Guid(a936376c6521f4644ac75f3f74528cd1) Importer(815301076,1909f56bfc062723c751e8b465ee728b)  -> (artifact id: '7e24fd6bd6cb01368fa562aee384121d') in 0.111892 seconds 
========================================================================
Received Import Request.
  Time since last request: 0.000011 seconds.
  path: Assets/Coconut Palm Tree Pack
  artifactKey: Guid(6e9c315283eca1d4babb580b58ae030d) Importer(815301076,1909f56bfc062723c751e8b465ee728b)
Start importing Assets/Coconut Palm Tree Pack using Guid(6e9c315283eca1d4babb580b58ae030d) Importer(815301076,1909f56bfc062723c751e8b465ee728b)  -> (artifact id: '4dc3c45362a4e8c488874d338c7bbd7d') in 0.004367 seconds 
========================================================================
Received Import Request.
  Time since last request: 0.778310 seconds.
  path: Assets/EffectExamples
  artifactKey: Guid(6c0b056137d972f46a0312ba21b6263f) Importer(815301076,1909f56bfc062723c751e8b465ee728b)
Start importing Assets/EffectExamples using Guid(6c0b056137d972f46a0312ba21b6263f) Importer(815301076,1909f56bfc062723c751e8b465ee728b)  -> (artifact id: 'eca5b09d74c50589b1ef7e5cccffee97') in 0.006308 seconds 
========================================================================
Received Import Request.
  Time since last request: 1.576691 seconds.
  path: Assets/Hut
  artifactKey: Guid(95f86b91c3815354386dcd0951b17d8d) Importer(815301076,1909f56bfc062723c751e8b465ee728b)
Start importing Assets/Hut using Guid(95f86b91c3815354386dcd0951b17d8d) Importer(815301076,1909f56bfc062723c751e8b465ee728b)  -> (artifact id: '80c38dfa89f8909cdd1a8eb5e45570b7') in 0.005388 seconds 
========================================================================
Received Import Request.
  Time since last request: 0.616182 seconds.
  path: Assets/kinoosao
  artifactKey: Guid(2fb6690c41eb0d448967e849457d91d4) Importer(815301076,1909f56bfc062723c751e8b465ee728b)
Start importing Assets/kinoosao using Guid(2fb6690c41eb0d448967e849457d91d4) Importer(815301076,1909f56bfc062723c751e8b465ee728b)  -> (artifact id: '1f297f5b519f9b22915ddf9a847ced71') in 0.006686 seconds 
========================================================================
Received Import Request.
  Time since last request: 0.123186 seconds.
  path: Assets/kinoosao/gsl_1.FBX
  artifactKey: Guid(dcd2e453903b424458434b3873f9b51a) Importer(815301076,1909f56bfc062723c751e8b465ee728b)
Start importing Assets/kinoosao/gsl_1.FBX using Guid(dcd2e453903b424458434b3873f9b51a) Importer(815301076,1909f56bfc062723c751e8b465ee728b)  -> (artifact id: '125096d0179f11a341f510e739a8cf95') in 0.093194 seconds 
========================================================================
Received Import Request.
  Time since last request: 0.000016 seconds.
  path: Assets/kinoosao/gsl_4.FBX
  artifactKey: Guid(1c885023c9c44f24688e0f64686a5811) Importer(815301076,1909f56bfc062723c751e8b465ee728b)
Start importing Assets/kinoosao/gsl_4.FBX using Guid(1c885023c9c44f24688e0f64686a5811) Importer(815301076,1909f56bfc062723c751e8b465ee728b)  -> (artifact id: '802fd66bebe174d2c136c05784d51666') in 0.081764 seconds 
========================================================================
Received Import Request.
  Time since last request: 0.000013 seconds.
  path: Assets/kinoosao/New LightmapParameters.giparams
  artifactKey: Guid(f8a8f464d7145d248b96570b3187b24a) Importer(815301076,1909f56bfc062723c751e8b465ee728b)
Start importing Assets/kinoosao/New LightmapParameters.giparams using Guid(f8a8f464d7145d248b96570b3187b24a) Importer(815301076,1909f56bfc062723c751e8b465ee728b)  -> (artifact id: '20aa332b2829f2fbe68bf9fd58e19d0d') in 0.005694 seconds 
========================================================================
Received Import Request.
  Time since last request: 2.267256 seconds.
  path: Assets/laxer Assets
  artifactKey: Guid(4346991c2f431b545ba6306cdb7c0ae4) Importer(815301076,1909f56bfc062723c751e8b465ee728b)
Start importing Assets/laxer Assets using Guid(4346991c2f431b545ba6306cdb7c0ae4) Importer(815301076,1909f56bfc062723c751e8b465ee728b)  -> (artifact id: '4d65dc63f61b07dd02ff96cb513a5ed9') in 0.006907 seconds 
========================================================================
Received Import Request.
  Time since last request: 3.157088 seconds.
  path: Assets/laxer Assets/wood bridge/Textures/wood bridge unwrapped.png
  artifactKey: Guid(dc7b090c4c15eba40be2a79c74faa682) Importer(815301076,1909f56bfc062723c751e8b465ee728b)
Start importing Assets/laxer Assets/wood bridge/Textures/wood bridge unwrapped.png using Guid(dc7b090c4c15eba40be2a79c74faa682) Importer(815301076,1909f56bfc062723c751e8b465ee728b)  -> (artifact id: '0222514794826c64c36e96788e687d23') in 0.024550 seconds 
========================================================================
Received Import Request.
  Time since last request: 31.217195 seconds.
  path: Assets/Tree9/bark14.png
  artifactKey: Guid(78e60ad3a8152ec46be748bb6d5a7cdf) Importer(815301076,1909f56bfc062723c751e8b465ee728b)
Start importing Assets/Tree9/bark14.png using Guid(78e60ad3a8152ec46be748bb6d5a7cdf) Importer(815301076,1909f56bfc062723c751e8b465ee728b)  -> (artifact id: 'b692b7389f1631949f0dab403c1f6c4a') in 0.023538 seconds 
========================================================================
Received Import Request.
  Time since last request: 0.000016 seconds.
  path: Assets/Tree9/Tree9_Leaf.fbx
  artifactKey: Guid(1de95aafaed1b594b88a317c6a6ac028) Importer(815301076,1909f56bfc062723c751e8b465ee728b)
Start importing Assets/Tree9/Tree9_Leaf.fbx using Guid(1de95aafaed1b594b88a317c6a6ac028) Importer(815301076,1909f56bfc062723c751e8b465ee728b)  -> (artifact id: '7287993828e8fd89acdcbfe12fdaea80') in 0.135595 seconds 
========================================================================
Received Import Request.
  Time since last request: 0.000018 seconds.
  path: Assets/Tree9/Tree9_leafs.mat
  artifactKey: Guid(da780beb78a91484aa965294e12f428e) Importer(815301076,1909f56bfc062723c751e8b465ee728b)
Start importing Assets/Tree9/Tree9_leafs.mat using Guid(da780beb78a91484aa965294e12f428e) Importer(815301076,1909f56bfc062723c751e8b465ee728b)  -> (artifact id: '4aed1764cb40157737977c1266833db9') in 0.020933 seconds 
========================================================================
Received Import Request.
  Time since last request: 0.000014 seconds.
  path: Assets/Tree9/Tree9_4.prefab
  artifactKey: Guid(956bd2acf7aae244dac8fc20cf57858d) Importer(815301076,1909f56bfc062723c751e8b465ee728b)
Start importing Assets/Tree9/Tree9_4.prefab using Guid(956bd2acf7aae244dac8fc20cf57858d) Importer(815301076,1909f56bfc062723c751e8b465ee728b)  -> (artifact id: '2887a5dc30c1c422b696c8531a683f40') in 0.033303 seconds 
========================================================================
Received Import Request.
  Time since last request: 39.210515 seconds.
  path: Assets/ValleyGrayCliff/TexturesMat/T_ValleyGrayCliff_AO.tga
  artifactKey: Guid(3b6475e6311ca694387c3914835aecb6) Importer(815301076,1909f56bfc062723c751e8b465ee728b)
Start importing Assets/ValleyGrayCliff/TexturesMat/T_ValleyGrayCliff_AO.tga using Guid(3b6475e6311ca694387c3914835aecb6) Importer(815301076,1909f56bfc062723c751e8b465ee728b)  -> (artifact id: '4e45db91b454bc6088f86063f0929898') in 0.014037 seconds 
========================================================================
Received Import Request.
  Time since last request: 0.000013 seconds.
  path: Assets/ValleyGrayCliff/TexturesMat/T_ValleyGrayCliff_MS.tga
  artifactKey: Guid(22a65e7f49f1fd34380356560c4b9790) Importer(815301076,1909f56bfc062723c751e8b465ee728b)
Start importing Assets/ValleyGrayCliff/TexturesMat/T_ValleyGrayCliff_MS.tga using Guid(22a65e7f49f1fd34380356560c4b9790) Importer(815301076,1909f56bfc062723c751e8b465ee728b)  -> (artifact id: '94b9693c21d5d22a659edf0bf7ebf6b9') in 0.010678 seconds 
========================================================================
Received Prepare
Registering precompiled user dll's ...
Registered in 0.003447 seconds.
Begin MonoManager ReloadAssembly
Native extension for WindowsStandalone target not found
Refreshing native plugins compatible for Editor in 0.77 ms, found 3 plugins.
Preloading 0 native plugins for Editor in 0.00 ms.
Mono: successfully reloaded assembly
- Completed reload, in  0.752 seconds
Domain Reload Profiling:
	ReloadAssembly (752ms)
		BeginReloadAssembly (97ms)
			ExecutionOrderSort (0ms)
			DisableScriptedObjects (3ms)
			BackupInstance (0ms)
			ReleaseScriptingObjects (0ms)
			CreateAndSetChildDomain (29ms)
		EndReloadAssembly (589ms)
			LoadAssemblies (59ms)
			RebuildTransferFunctionScriptingTraits (0ms)
			SetupTypeCache (145ms)
			ReleaseScriptCaches (1ms)
			RebuildScriptCaches (27ms)
			SetupLoadedEditorAssemblies (326ms)
				LogAssemblyErrors (0ms)
				InitializePlatformSupportModulesInManaged (9ms)
				SetLoadedEditorAssemblies (0ms)
				RefreshPlugins (1ms)
				BeforeProcessingInitializeOnLoad (44ms)
				ProcessInitializeOnLoadAttributes (231ms)
				ProcessInitializeOnLoadMethodAttributes (38ms)
				AfterProcessingInitializeOnLoad (2ms)
				EditorAssembliesLoaded (0ms)
			ExecutionOrderSort2 (0ms)
			AwakeInstancesAfterBackupRestoration (5ms)
Platform modules already initialized, skipping
Refreshing native plugins compatible for Editor in 1.67 ms, found 3 plugins.
Preloading 0 native plugins for Editor in 0.00 ms.
Unloading 3871 Unused Serialized files (Serialized files now loaded: 0)
Unloading 42 unused Assets / (484.5 KB). Loaded Objects now: 4479.
Memory consumption went from 174.2 MB to 173.8 MB.
Total: 2.820900 ms (FindLiveObjects: 0.197100 ms CreateObjectMapping: 0.111200 ms MarkObjects: 2.290000 ms  DeleteObjects: 0.221900 ms)

AssetImportParameters requested are different than current active one (requested -> active):
  custom:video-decoder-ogg-theora: a1e56fd34408186e4bbccfd4996cb3dc -> 
  custom:container-muxer-webm: aa71ff27fc2769a1b78a27578f13a17b -> 
  custom:container-demuxer-webm: 4f35f7cbe854078d1ac9338744f61a02 -> 
  custom:video-encoder-webm-vp8: eb34c28f22e8b96e1ab97ce403110664 -> 
  custom:audio-encoder-webm-vorbis: bf7c407c2cedff20999df2af8eb42d56 -> 
  custom:framework-win-MediaFoundation: 216162199b28c13a410421893ffa2e32 -> 
  custom:container-demuxer-ogg: 62fdf1f143b41e24485cea50d1cbac27 -> 
  custom:video-decoder-webm-vp8: 9c59270c3fd7afecdb556c50c9e8de78 -> 
  custom:audio-decoder-ogg-vorbis: bf7c407c2cedff20999df2af8eb42d56 -> 
========================================================================
Received Import Request.
  Time since last request: 48.680063 seconds.
  path: Assets/Standard Assets/Environment/SpeedTree/Broadleaf/Broadleaf_Desktop_Atlas.tga
  artifactKey: Guid(d20e5329bb2905844a1ae38b80640d3f) Importer(815301076,1909f56bfc062723c751e8b465ee728b)
Start importing Assets/Standard Assets/Environment/SpeedTree/Broadleaf/Broadleaf_Desktop_Atlas.tga using Guid(d20e5329bb2905844a1ae38b80640d3f) Importer(815301076,1909f56bfc062723c751e8b465ee728b)  -> (artifact id: '77a5121028a3fd228b4ae4d07532e478') in 0.043478 seconds 
========================================================================
Received Import Request.
  Time since last request: 0.000015 seconds.
  path: Assets/Standard Assets/Environment/SpeedTree/Broadleaf/Broadleaf_Desktop_Atlas_Billboards_Normal.tga
  artifactKey: Guid(0ec79c3d1dd0fb640b7f3f72ebb28f74) Importer(815301076,1909f56bfc062723c751e8b465ee728b)
Start importing Assets/Standard Assets/Environment/SpeedTree/Broadleaf/Broadleaf_Desktop_Atlas_Billboards_Normal.tga using Guid(0ec79c3d1dd0fb640b7f3f72ebb28f74) Importer(815301076,1909f56bfc062723c751e8b465ee728b)  -> (artifact id: 'd269baa062a89dc698184c601016d9ce') in 0.048142 seconds 
========================================================================
Received Import Request.
  Time since last request: 0.000017 seconds.
  path: Assets/Standard Assets/Environment/SpeedTree/Broadleaf/Broadleaf_Desktop_Atlas_Normal.tga
  artifactKey: Guid(b552931caa1b3ea418b9ba90cbd1333e) Importer(815301076,1909f56bfc062723c751e8b465ee728b)
Start importing Assets/Standard Assets/Environment/SpeedTree/Broadleaf/Broadleaf_Desktop_Atlas_Normal.tga using Guid(b552931caa1b3ea418b9ba90cbd1333e) Importer(815301076,1909f56bfc062723c751e8b465ee728b)  -> (artifact id: '1180587f6c1fb73c7e4ee52892222b48') in 0.025856 seconds 
========================================================================
Received Import Request.
  Time since last request: 0.000012 seconds.
  path: Assets/Standard Assets/Environment/SpeedTree/Broadleaf/ClippedFrond.tga
  artifactKey: Guid(f82badc465974aa4cbc424065780aa3d) Importer(815301076,1909f56bfc062723c751e8b465ee728b)
Start importing Assets/Standard Assets/Environment/SpeedTree/Broadleaf/ClippedFrond.tga using Guid(f82badc465974aa4cbc424065780aa3d) Importer(815301076,1909f56bfc062723c751e8b465ee728b)  -> (artifact id: 'ce54e08a932fdcf0df0c9c4e4a8ba870') in 0.033960 seconds 
========================================================================
Received Import Request.
  Time since last request: 0.000009 seconds.
  path: Assets/Standard Assets/Environment/SpeedTree/Broadleaf/Broadleaves_Mobile_Spec.tga
  artifactKey: Guid(db2f1c62933fa1745a9eb8479b15698b) Importer(815301076,1909f56bfc062723c751e8b465ee728b)
Start importing Assets/Standard Assets/Environment/SpeedTree/Broadleaf/Broadleaves_Mobile_Spec.tga using Guid(db2f1c62933fa1745a9eb8479b15698b) Importer(815301076,1909f56bfc062723c751e8b465ee728b)  -> (artifact id: 'c8ee4193a89ab9867391af33505bc0a0') in 0.020927 seconds 
========================================================================
Received Import Request.
  Time since last request: 0.000012 seconds.
  path: Assets/Standard Assets/Environment/SpeedTree/Broadleaf/BroadleafBark.tga
  artifactKey: Guid(2c1c27ec8c3b75a4c80a795adc9ca788) Importer(815301076,1909f56bfc062723c751e8b465ee728b)
Start importing Assets/Standard Assets/Environment/SpeedTree/Broadleaf/BroadleafBark.tga using Guid(2c1c27ec8c3b75a4c80a795adc9ca788) Importer(815301076,1909f56bfc062723c751e8b465ee728b)  -> (artifact id: '8e723d6327aae45db86ff8a984396b7e') in 0.009933 seconds 
========================================================================
Received Import Request.
  Time since last request: 0.000011 seconds.
  path: Assets/Standard Assets/Environment/SpeedTree/Broadleaf/Broadleaves_Desktop.tga
  artifactKey: Guid(306f8f570579fb3448d141a63029ef94) Importer(815301076,1909f56bfc062723c751e8b465ee728b)
Start importing Assets/Standard Assets/Environment/SpeedTree/Broadleaf/Broadleaves_Desktop.tga using Guid(306f8f570579fb3448d141a63029ef94) Importer(815301076,1909f56bfc062723c751e8b465ee728b)  -> (artifact id: 'd003a55b30dbf9cb4f0decf247f19c5f') in 0.011046 seconds 
========================================================================
Received Import Request.
  Time since last request: 0.000010 seconds.
  path: Assets/Standard Assets/Environment/SpeedTree/Broadleaf/Broadleaf_Mobile_Atlas_Normal.tga
  artifactKey: Guid(be053ea3235ccb64a889bf0b15c2764b) Importer(815301076,1909f56bfc062723c751e8b465ee728b)
Start importing Assets/Standard Assets/Environment/SpeedTree/Broadleaf/Broadleaf_Mobile_Atlas_Normal.tga using Guid(be053ea3235ccb64a889bf0b15c2764b) Importer(815301076,1909f56bfc062723c751e8b465ee728b)  -> (artifact id: '178cca9b92a6680d2b0a2d1b42863b86') in 0.010726 seconds 
========================================================================
Received Import Request.
  Time since last request: 0.000011 seconds.
  path: Assets/Standard Assets/Environment/SpeedTree/Broadleaf/Cap_02_Normal.tga
  artifactKey: Guid(371fa5d370f67534696194100d17bfad) Importer(815301076,1909f56bfc062723c751e8b465ee728b)
Start importing Assets/Standard Assets/Environment/SpeedTree/Broadleaf/Cap_02_Normal.tga using Guid(371fa5d370f67534696194100d17bfad) Importer(815301076,1909f56bfc062723c751e8b465ee728b)  -> (artifact id: 'ff9aa83d97911970b071c2188984d70c') in 0.009991 seconds 
========================================================================
Received Import Request.
  Time since last request: 0.000010 seconds.
  path: Assets/Standard Assets/Environment/SpeedTree/Broadleaf/Broadleaf_Mobile_Atlas_Billboards_Normal.tga
  artifactKey: Guid(c9de3ae2361df6c469caeb2024321cbf) Importer(815301076,1909f56bfc062723c751e8b465ee728b)
Start importing Assets/Standard Assets/Environment/SpeedTree/Broadleaf/Broadleaf_Mobile_Atlas_Billboards_Normal.tga using Guid(c9de3ae2361df6c469caeb2024321cbf) Importer(815301076,1909f56bfc062723c751e8b465ee728b)  -> (artifact id: '977fd431a47b0cba8ca11ec7b8a16acb') in 0.010311 seconds 
========================================================================
Received Import Request.
  Time since last request: 0.000010 seconds.
  path: Assets/Standard Assets/Environment/SpeedTree/Broadleaf/Cap_02.tga
  artifactKey: Guid(ee07ea8cb1a00c844b4048d37dcfe712) Importer(815301076,1909f56bfc062723c751e8b465ee728b)
Start importing Assets/Standard Assets/Environment/SpeedTree/Broadleaf/Cap_02.tga using Guid(ee07ea8cb1a00c844b4048d37dcfe712) Importer(815301076,1909f56bfc062723c751e8b465ee728b)  -> (artifact id: '85192edc0613bfb8b9a0e38bbb8123e1') in 0.009617 seconds 
========================================================================
Received Import Request.
  Time since last request: 0.000010 seconds.
  path: Assets/Standard Assets/Environment/SpeedTree/Broadleaf/Broadleaves_Mobile_Normal.tga
  artifactKey: Guid(7bdd8cb386e0b554b84cb783663bb4fc) Importer(815301076,1909f56bfc062723c751e8b465ee728b)
Start importing Assets/Standard Assets/Environment/SpeedTree/Broadleaf/Broadleaves_Mobile_Normal.tga using Guid(7bdd8cb386e0b554b84cb783663bb4fc) Importer(815301076,1909f56bfc062723c751e8b465ee728b)  -> (artifact id: 'a3e8b897de356b187a8423e416d5a474') in 0.009847 seconds 
========================================================================
Received Import Request.
  Time since last request: 0.000012 seconds.
  path: Assets/Standard Assets/Environment/SpeedTree/Broadleaf/Broadleaf_Mobile.spm
  artifactKey: Guid(6aab193b7693b5e4c9741f1917d2987c) Importer(815301076,1909f56bfc062723c751e8b465ee728b)
Start importing Assets/Standard Assets/Environment/SpeedTree/Broadleaf/Broadleaf_Mobile.spm using Guid(6aab193b7693b5e4c9741f1917d2987c) Importer(815301076,1909f56bfc062723c751e8b465ee728b)  -> (artifact id: '709dc88f5f58f291f15ebee2345d560a') in 0.092847 seconds 
========================================================================
Received Import Request.
  Time since last request: 6.351391 seconds.
  path: Assets/Standard Assets/Environment/TerrainAssets/SurfaceTextures/GrassHillAlbedo.psd
  artifactKey: Guid(c6e0767b1f8c34890ac245217f4b9731) Importer(815301076,1909f56bfc062723c751e8b465ee728b)
Start importing Assets/Standard Assets/Environment/TerrainAssets/SurfaceTextures/GrassHillAlbedo.psd using Guid(c6e0767b1f8c34890ac245217f4b9731) Importer(815301076,1909f56bfc062723c751e8b465ee728b)  -> (artifact id: 'd7cbf194cb1c4145fb461b67661ef8e0') in 0.725090 seconds 
========================================================================
Received Import Request.
  Time since last request: 0.000015 seconds.
  path: Assets/Standard Assets/Environment/TerrainAssets/SurfaceTextures/SandAlbedo.psd
  artifactKey: Guid(bfd675cc0db1d4656b75dc6d6ba91142) Importer(815301076,1909f56bfc062723c751e8b465ee728b)
Start importing Assets/Standard Assets/Environment/TerrainAssets/SurfaceTextures/SandAlbedo.psd using Guid(bfd675cc0db1d4656b75dc6d6ba91142) Importer(815301076,1909f56bfc062723c751e8b465ee728b)  -> (artifact id: '7a70584ac79feae00af37ab27ee77be2') in 0.011047 seconds 
========================================================================
Received Import Request.
  Time since last request: 12.801001 seconds.
  path: Assets/Rocks and Boulders 2/Rocks/Prefabs_snow/Rock1_grup2.prefab
  artifactKey: Guid(af253cd095eb9d2489eaad42eb9d5087) Importer(815301076,1909f56bfc062723c751e8b465ee728b)
Start importing Assets/Rocks and Boulders 2/Rocks/Prefabs_snow/Rock1_grup2.prefab using Guid(af253cd095eb9d2489eaad42eb9d5087) Importer(815301076,1909f56bfc062723c751e8b465ee728b)  -> (artifact id: '7d6542a04fe2f98c570f6576bbf7fd07') in 0.065117 seconds 
========================================================================
Received Import Request.
  Time since last request: 0.000014 seconds.
  path: Assets/Rocks and Boulders 2/Rocks/Prefabs_snow/Rock1LOD_grup4.prefab
  artifactKey: Guid(42b65c30a64bfc9438498b2acee449a8) Importer(815301076,1909f56bfc062723c751e8b465ee728b)
Start importing Assets/Rocks and Boulders 2/Rocks/Prefabs_snow/Rock1LOD_grup4.prefab using Guid(42b65c30a64bfc9438498b2acee449a8) Importer(815301076,1909f56bfc062723c751e8b465ee728b)  -> (artifact id: '666cd2596cf2bb3cb05916d110a38948') in 0.073551 seconds 
========================================================================
Received Import Request.
  Time since last request: 0.000016 seconds.
  path: Assets/Rocks and Boulders 2/Rocks/Prefabs_snow/Rock2.prefab
  artifactKey: Guid(d6b40ce3457ff954e8faab16436c9d29) Importer(815301076,1909f56bfc062723c751e8b465ee728b)
Start importing Assets/Rocks and Boulders 2/Rocks/Prefabs_snow/Rock2.prefab using Guid(d6b40ce3457ff954e8faab16436c9d29) Importer(815301076,1909f56bfc062723c751e8b465ee728b)  -> (artifact id: 'abbf3befe7a3fca4f597fd6ce4ab53dc') in 0.075464 seconds 
========================================================================
Received Import Request.
  Time since last request: 0.000020 seconds.
  path: Assets/Rocks and Boulders 2/Rocks/Prefabs_snow/Rock1E.prefab
  artifactKey: Guid(0241c83bd39a3124fad536563eedb302) Importer(815301076,1909f56bfc062723c751e8b465ee728b)
Start importing Assets/Rocks and Boulders 2/Rocks/Prefabs_snow/Rock1E.prefab using Guid(0241c83bd39a3124fad536563eedb302) Importer(815301076,1909f56bfc062723c751e8b465ee728b)  -> (artifact id: '570d26b2cd11efdc54ead12f213346a5') in 0.040173 seconds 
========================================================================
Received Import Request.
  Time since last request: 0.000013 seconds.
  path: Assets/Rocks and Boulders 2/Rocks/Prefabs_snow/Rock1LOD_grup2.prefab
  artifactKey: Guid(b94f8f8da47ae2a4c81242eb6b7d3536) Importer(815301076,1909f56bfc062723c751e8b465ee728b)
Start importing Assets/Rocks and Boulders 2/Rocks/Prefabs_snow/Rock1LOD_grup2.prefab using Guid(b94f8f8da47ae2a4c81242eb6b7d3536) Importer(815301076,1909f56bfc062723c751e8b465ee728b)  -> (artifact id: '7be017b5b7710b9582e2bc05a3f262cf') in 0.039395 seconds 
========================================================================
Received Import Request.
  Time since last request: 0.000012 seconds.
  path: Assets/Rocks and Boulders 2/Rocks/Prefabs_snow/Rock1LOD_grup5.prefab
  artifactKey: Guid(cc97f7d64a5146f49895148c51f018b2) Importer(815301076,1909f56bfc062723c751e8b465ee728b)
Start importing Assets/Rocks and Boulders 2/Rocks/Prefabs_snow/Rock1LOD_grup5.prefab using Guid(cc97f7d64a5146f49895148c51f018b2) Importer(815301076,1909f56bfc062723c751e8b465ee728b)  -> (artifact id: 'c028dc07c389db90357710b172cfe1c7') in 0.022382 seconds 
========================================================================
Received Import Request.
  Time since last request: 0.000016 seconds.
  path: Assets/Rocks and Boulders 2/Rocks/Prefabs_snow/Rock1_grup5.prefab
  artifactKey: Guid(5bf4c3bd12eed3040a89c71b45c451bb) Importer(815301076,1909f56bfc062723c751e8b465ee728b)
Start importing Assets/Rocks and Boulders 2/Rocks/Prefabs_snow/Rock1_grup5.prefab using Guid(5bf4c3bd12eed3040a89c71b45c451bb) Importer(815301076,1909f56bfc062723c751e8b465ee728b)  -> (artifact id: '65b13146153f1a672f7247764a59f052') in 0.021861 seconds 
========================================================================
Received Import Request.
  Time since last request: 4.812994 seconds.
  path: Assets/RATS/SM_Rat_1.fbx
  artifactKey: Guid(2ed5ef9bac76bd742907667d377e6812) Importer(815301076,1909f56bfc062723c751e8b465ee728b)
Start importing Assets/RATS/SM_Rat_1.fbx using Guid(2ed5ef9bac76bd742907667d377e6812) Importer(815301076,1909f56bfc062723c751e8b465ee728b)  -> (artifact id: 'bef3a6bfa16605bc3bdcbb448829fe09') in 0.014642 seconds 
========================================================================
Received Import Request.
  Time since last request: 6.150638 seconds.
  path: Assets/EffectExamples/SmokeTrail.mat
  artifactKey: Guid(85320f50710fcfb4d886bc56151bea1b) Importer(815301076,1909f56bfc062723c751e8b465ee728b)
Start importing Assets/EffectExamples/SmokeTrail.mat using Guid(85320f50710fcfb4d886bc56151bea1b) Importer(815301076,1909f56bfc062723c751e8b465ee728b)  -> (artifact id: '7634a15ce18f21311f901ae794d11b0f') in 0.053853 seconds 
